// Jest Snapshot v1, https://goo.gl/fbAQLP

exports[`matches snapshot 1`] = `
<DocumentFragment>
  <div
    class="App"
  >
    <h1>
      Todo List
    </h1>
    <form>
      <label
        for="todo"
      >
        Todo
      </label>
      <input
        id="todo"
        name="todo"
        placeholder="New todo"
        type="text"
        value=""
      />
      <button>
        Add Todo
      </button>
    </form>
    <div />
  </div>
</DocumentFragment>
`;
